# Info: [9569]: Logging session transcript to file C:/MentorGraphics/Precision-win64-2021.1/Mgc_home/shared/examples/precision.log
//  Precision RTL Plus Validate 64-bit 2021.1.0.4 (Production Release) Tue Jul 20 01:22:31 PDT 2021
//  
//  Copyright (c) Mentor Graphics Corporation, 1996-2021, All Rights Reserved.
//             Portions copyright 1991-2008 Compuware Corporation
//                       UNPUBLISHED, LICENSED SOFTWARE.
//            CONFIDENTIAL AND PROPRIETARY INFORMATION WHICH IS THE
//          PROPERTY OF MENTOR GRAPHICS CORPORATION OR ITS LICENSORS
//  
//  Running on Windows 10 eladjose@ELEC-403-110  10.0.19041 x64
//  
//  Start time Tue May 06 20:46:42 2025
# -------------------------------------------------
# Info: [9569]: Logging session transcript to file C:/MentorGraphics/Precision-win64-2021.1/Mgc_home/shared/examples/precision.log
# COMMAND: new_project -name project_2 -folder Z:/VHDL2/lab_23 -createimpl_name project_2_impl_1
# Info: [9577]: Input directory: Z:/VHDL2/lab_23
# Info: [9572]: Moving session transcript to file Z:/VHDL2/lab_23/precision.log
# Info: [9558]: Created project Z:/VHDL2/lab_23/project_2.psp in folder Z:/VHDL2/lab_23.
# Info: [9531]: Created directory: Z:/VHDL2/lab_23/project_2_impl_1.
# Info: [9557]: Created implementation project_2_impl_1 in project Z:/VHDL2/lab_23/project_2.psp.
# Info: [9578]: The Results Directory has been set to: Z:/VHDL2/lab_23/project_2_impl_1/
# Info: [9569]: Logging project transcript to file Z:/VHDL2/lab_23/project_2_impl_1/precision.log
# Info: [9569]: Logging suppressed messages transcript to file Z:/VHDL2/lab_23/project_2_impl_1/precision.log.suppressed
# Info: [9552]: Activated implementation project_2_impl_1 in project Z:/VHDL2/lab_23/project_2.psp.
new_project -name project_2 -folder Z:/VHDL2/lab_23 -createimpl_name project_2_impl_1
# COMMAND: add_input_file {Real_CLK.vhd}
add_input_file {Real_CLK.vhd}
# COMMAND: setup_design -manufacturer Xilinx -family ARTIX-7 -part 7A35TCPG236 -speed -1
# Info: [15302]: Setting up the design to use synthesis library "xca7.syn"
# Info: [585]: The global max fanout is currently set to 10000 for Xilinx - ARTIX-7.
# Info: [15328]: Setting Part to: "7A35TCPG236".
# Info: [15329]: Setting Process to: "1".
# Info: [7513]: The default input to Vivado place and route has been set to "Verilog".
# Info: [7512]: The place and route tool for current technology is Vivado.
setup_design -manufacturer Xilinx -family ARTIX-7 -part 7A35TCPG236 -speed -1
# COMMAND: setup_design -frequency 100 -input_delay 0 -output_delay 0 -vivado -max_fanout=10000
# Info: [585]: The global max fanout is currently set to 10000 for Xilinx - ARTIX-7.
# Info: [7512]: The place and route tool for current technology is Vivado.
# Info: [7513]: The default input to Vivado place and route has been set to "Verilog".
# Info: [20026]: MultiProc: Precision will use a maximum of 12 logical processors.
setup_design -frequency 100 -input_delay 0 -output_delay 0 -vivado -max_fanout=10000
# COMMAND: compile
# Info: [3052]: Decompressing file : C:/MentorGraphics/Precision-win64-2021.1/Mgc_home/pkgs/psr/techlibs/xca7.syn in Z:/VHDL2/lab_23/project_2_impl_1/synlib.
# Info: [3022]: Reading file: Z:/VHDL2/lab_23/project_2_impl_1/synlib/xca7.syn.
# Info: [645]: Loading library initialization file C:/MentorGraphics/Precision-win64-2021.1/Mgc_home/pkgs/psr/userware/xilinx_rename.tcl
# Info: [40000]: vhdlorder, Release 2021a.12
# Info: [40000]: Files sorted successfully.
# Info: [40000]: hdl-analyze, Release RTLC-Precision 2021a.12
# Info: [42502]: Analyzing input file "Z:/VHDL2/lab_23/Real_CLK.vhd" ...
# Info: [670]: Top module of the design is set to: REAL_CLK.
# Info: [668]: Current working directory: Z:/VHDL2/lab_23/project_2_impl_1.
# Info: [40000]: RTLC-Driver, Release RTLC-Precision 2021a.12
# Info: [40000]: Last compiled on Jul  2 2021 08:18:46
# Info: [44512]: Initializing...
# Info: [44504]: Partitioning design ....
# Info: [40000]: RTLCompiler, Release RTLC-Precision 2021a.12
# Info: [40000]: Last compiled on Jul  2 2021 08:22:39
# Info: [44512]: Initializing...
# Info: [44522]: Root Module work.REAL_CLK(ARC_REAL_CLK): Pre-processing...
# Info: [44523]: Root Module work.REAL_CLK(ARC_REAL_CLK): Compiling...
# Info: [44838]: "Z:/VHDL2/lab_23/Real_CLK.vhd", line 41: Macro Modgen_Counter "counter_up_sclear_clock_cnt_en_0_27" inferred for node "Q".
# Info: [44838]: "Z:/VHDL2/lab_23/Real_CLK.vhd", line 71: Macro Modgen_Counter "counter_up_sclear_clock_cnt_en_0_6" inferred for node "Q_Seconds".
# Info: [44838]: "Z:/VHDL2/lab_23/Real_CLK.vhd", line 92: Macro Modgen_Counter "counter_up_sclear_clock_cnt_en_0_6" inferred for node "Q_Minutes".
# Info: [44838]: "Z:/VHDL2/lab_23/Real_CLK.vhd", line 113: Macro Modgen_Counter "counter_up_sclear_clock_cnt_en_0_5" inferred for node "Q_Hours".
# Info: [44842]: Compilation successfully completed.
# Info: [44841]: Counter Inferencing === Detected : 4, Inferred (Modgen/Selcounter/AddSub) : 4 (4 / 0 / 0), AcrossDH (Merged/Not-Merged) : (0 / 0), Not-Inferred (Acrossdh/Attempted) : (0 / 0), Local Vars : 0 ===
# Info: [44856]: Total lines of RTL compiled: 108.
# Info: [44835]: Total CPU time for compilation: 0.6 secs.
# Info: [44513]: Overall running time for compilation: 2.0 secs.
# Info: [668]: Current working directory: Z:/VHDL2/lab_23/project_2_impl_1.
# Info: [15334]: Doing rtl optimizations.
# Info: [1078]: Constraints: Precision will generate the constraint: create_clock [get_ports {CLK}] -name {CLK} -period 10 -waveform {0 5} on port:CLK. Reason: setup_design -frequency. Please override the constraint if needed.
# Info: [1081]: Constraints: Precision will generate the following clock domain information against the clocks. Since the clock domain information is not provided by the user for the below clocks, all clocks are assumed to be synchronous clocks. This will result in all paths between the clock domains to be analyzed for timing. If this behaviour is not intended for any clock domain or path, please override using -domain option or false path constraint. Among these clocks, clock with the smallest period will be chosen as the default domain and the rest of the clock periods specified using multiply-by or divide-by factor.
# Info: Constraints: Precision Generated Clock Domains:
# Info: 	Domain Name: CLK_PS		Clock Name: CLK Clock Name: VirtualClock
# Info: [671]: Finished compiling design.
compile
# COMMAND: synthesize
# Info: [668]: Current working directory: Z:/VHDL2/lab_23/project_2_impl_1.
# Warning: [19539]: No debug point is implemented, continuing with the normal synthesis run.
# Info: [20013]: Precision will use 5 processor(s).
# Info: [15002]: Optimizing design view:.work.REAL_CLK.ARC_REAL_CLK
# Info: [15002]: Optimizing design view:.work.REAL_CLK.ARC_REAL_CLK
# Info: [8010]: Gated clock transformations: Begin...
# Info: [8010]: Gated clock transformations: End...
# Info: [8053]: Added global buffer BUFGP for Port port:CLK
# Info: [1081]: Constraints: Precision will generate the following clock domain information against the clocks. Since the clock domain information is not provided by the user for the below clocks, all clocks are assumed to be synchronous clocks. This will result in all paths between the clock domains to be analyzed for timing. If this behaviour is not intended for any clock domain or path, please override using -domain option or false path constraint. Among these clocks, clock with the smallest period will be chosen as the default domain and the rest of the clock periods specified using multiply-by or divide-by factor.
# Info: Constraints: Precision Generated Clock Domains:
# Info: 	Domain Name: CLK_PS		Clock Name: CLK Clock Name: VirtualClock
# Info: [3027]: Writing file: Z:/VHDL2/lab_23/project_2_impl_1/REAL_CLK.edf.
# Info: [3027]: Writing file: Z:/VHDL2/lab_23/project_2_impl_1/REAL_CLK.xdc.
# Info: -- Writing file Z:/VHDL2/lab_23/project_2_impl_1/REAL_CLK.tcl
# Info: [3027]: Writing file: Z:/VHDL2/lab_23/project_2_impl_1/REAL_CLK.v.
# Info: -- Writing file Z:/VHDL2/lab_23/project_2_impl_1/REAL_CLK.tcl
# Info: [12045]: Starting timing reports generation...
# Info: [12046]: Timing reports generation done.
# Info: [12048]: POST-SYNTHESIS TIMING REPORTS ARE ESTIMATES AND SHOULD NOT BE RELIED ON TO MAKE QoR DECISIONS. For accurate timing information, please run place-and-route (P&R) and review P&R generated timing reports.
# Info: [671]: Finished synthesizing design.
# Info: [11019]: Total CPU time for synthesis: 1.9 s secs.
# Info: [11020]: Overall running time for synthesis: 5.6 s secs.
synthesize
# COMMAND: save_project
# Info: [9565]: Saved implementation project_2_impl_1 in project Z:/VHDL2/lab_23/project_2.psp.
save_project
# COMMAND: close_project -discard
# Info: [9530]: Closed project: Z:/VHDL2/lab_23/project_2.psp.
close_project -discard
# COMMAND: exit
exit
